.env.example: OK
.gitignore: OK
client/collection-schema.json: OK
client/dataset.json: OK
client/doctor.py: OK
client/init-milvus.py: OK
client/known_hosts: OK
client/milvus_schema.py: OK
client/rebuild-milvus.py: OK
client/recheck-persistence.py: OK
client/requirements.lock.txt: OK
client/security-check.py: OK
client/settings.py: OK
client/test-connections.py: OK
client/tunnel.ps1: OK
client/tunnel.sh: OK
compose.yaml: OK
config/connections.env.example: OK
config/embedEtcd.yaml: OK
config/milvus-user.yaml: OK
config/mysql.cnf: OK
config/redis.conf: OK
README.md: OK
reports/acceptance-summary.json: OK
reports/auth-negative-tests.json: OK
reports/client-full.json: OK
reports/client-health.json: OK
reports/client-post-restart.json: OK
reports/cloud-firewall.json: OK
reports/connections.md: OK
reports/environment.lock.json: OK
reports/images.lock.json: OK
reports/infra_after.json: OK
reports/infra_before.json: OK
reports/infra_inventory.md: OK
reports/milvus-rbac.json: OK
reports/milvus-rebuild.json: OK
reports/milvus-tag-commit.json: OK
reports/mysql-backup-restore.log: OK
reports/network-fix-startup.log: OK
reports/observation-queries.jsonl: OK
reports/official-image-metadata.json: OK
reports/public-port-check.json: OK
reports/pull.log: OK
reports/resource_caps.csv: OK
reports/restart-observation.log: OK
reports/rollback.md: OK
reports/schema-notes.md: OK
reports/server-smoke.log: OK
reports/stability.jsonl: OK
reports/startup.log: OK
reports/task-requirements.md: OK
reports/validation.md: OK
scripts/backup-mysql.sh: OK
scripts/backup-restore-check.sh: OK
scripts/bootstrap.py: OK
scripts/capture-after.py: OK
scripts/compose.sh: OK
scripts/disk-guard.sh: OK
scripts/doctor.sh: OK
scripts/finalize-report.py: OK
scripts/inventory.py: OK
scripts/monitor.py: OK
scripts/pull-images.sh: OK
scripts/restart-core.sh: OK
scripts/restore-mysql.sh: OK
scripts/smoke-infra.sh: OK
scripts/start-all.sh: OK
scripts/start-core.sh: OK
scripts/start-milvus.sh: OK
scripts/stop-core.sh: OK
scripts/stop-milvus.sh: OK
scripts/tunnel.ps1: OK
scripts/tunnel.sh: OK
vendor/milvus-v2.6.23.yaml: OK
vendor/standalone_embed-v2.6.23.sh: OK
.gitattributes: OK
